// Jest Snapshot v1, https://goo.gl/fbAQLP

exports[`expect to render ItemDetail component 1`] = `
Object {
  "asFragment": [Function],
  "baseElement": <body>
    <div>
      <div
        class="ItemDetail"
      >
        <div
          class="ItemDetail__Breadcrumb"
        >
          <ul
            class="Breadcrumb"
          >
            <li
              class="Breadcrumb__Item"
            >
              <span>
                Category 1
              </span>
            </li>
            <li
              class="Breadcrumb__Item"
            >
              <svg>
                arrowRight.svg
              </svg>
              <span>
                Category 2
              </span>
            </li>
          </ul>
        </div>
        <div
          class="ItemDetail__Wrapper"
        >
          <div
            class="ItemDetail__Content"
          >
            <div
              class="ItemDetail__Content__Left"
            >
              <div
                class="ItemDetail__Content__Image"
              />
            </div>
            <div
              class="ItemDetail__Content__Right"
            >
              <div
                class="ItemDetail__Content__Right__Info"
              >
                <div
                  class="ItemDetail__Content__Right__Info__Extra"
                >
                  <span>
                    Nuevo
                     - 1 vendido
                  </span>
                </div>
                <h1
                  class="ItemDetail__Content__Right__Info__Title"
                >
                  Item Title
                </h1>
                <div
                  class="ItemDetail__Content__Right__Info__Price"
                >
                  <span>
                    $ 123
                  </span>
                </div>
                <div
                  class="ItemDetail__Content__Right__Info__Action"
                >
                  <button
                    type="button"
                  >
                    Comprar
                  </button>
                </div>
              </div>
            </div>
          </div>
          <div
            class="ItemDetail__Content__Description"
          >
            <div
              class="ItemDetail__Content__Description__Title"
            >
              Descripción del Producto
            </div>
            <div
              class="ItemDetail__Content__Description__Text"
            >
              Item Description
            </div>
          </div>
        </div>
      </div>
    </div>
  </body>,
  "container": <div>
    <div
      class="ItemDetail"
    >
      <div
        class="ItemDetail__Breadcrumb"
      >
        <ul
          class="Breadcrumb"
        >
          <li
            class="Breadcrumb__Item"
          >
            <span>
              Category 1
            </span>
          </li>
          <li
            class="Breadcrumb__Item"
          >
            <svg>
              arrowRight.svg
            </svg>
            <span>
              Category 2
            </span>
          </li>
        </ul>
      </div>
      <div
        class="ItemDetail__Wrapper"
      >
        <div
          class="ItemDetail__Content"
        >
          <div
            class="ItemDetail__Content__Left"
          >
            <div
              class="ItemDetail__Content__Image"
            />
          </div>
          <div
            class="ItemDetail__Content__Right"
          >
            <div
              class="ItemDetail__Content__Right__Info"
            >
              <div
                class="ItemDetail__Content__Right__Info__Extra"
              >
                <span>
                  Nuevo
                   - 1 vendido
                </span>
              </div>
              <h1
                class="ItemDetail__Content__Right__Info__Title"
              >
                Item Title
              </h1>
              <div
                class="ItemDetail__Content__Right__Info__Price"
              >
                <span>
                  $ 123
                </span>
              </div>
              <div
                class="ItemDetail__Content__Right__Info__Action"
              >
                <button
                  type="button"
                >
                  Comprar
                </button>
              </div>
            </div>
          </div>
        </div>
        <div
          class="ItemDetail__Content__Description"
        >
          <div
            class="ItemDetail__Content__Description__Title"
          >
            Descripción del Producto
          </div>
          <div
            class="ItemDetail__Content__Description__Text"
          >
            Item Description
          </div>
        </div>
      </div>
    </div>
  </div>,
  "debug": [Function],
  "findAllByAltText": [Function],
  "findAllByDisplayValue": [Function],
  "findAllByLabelText": [Function],
  "findAllByPlaceholderText": [Function],
  "findAllByRole": [Function],
  "findAllByTestId": [Function],
  "findAllByText": [Function],
  "findAllByTitle": [Function],
  "findByAltText": [Function],
  "findByDisplayValue": [Function],
  "findByLabelText": [Function],
  "findByPlaceholderText": [Function],
  "findByRole": [Function],
  "findByTestId": [Function],
  "findByText": [Function],
  "findByTitle": [Function],
  "getAllByAltText": [Function],
  "getAllByDisplayValue": [Function],
  "getAllByLabelText": [Function],
  "getAllByPlaceholderText": [Function],
  "getAllByRole": [Function],
  "getAllByTestId": [Function],
  "getAllByText": [Function],
  "getAllByTitle": [Function],
  "getByAltText": [Function],
  "getByDisplayValue": [Function],
  "getByLabelText": [Function],
  "getByPlaceholderText": [Function],
  "getByRole": [Function],
  "getByTestId": [Function],
  "getByText": [Function],
  "getByTitle": [Function],
  "queryAllByAltText": [Function],
  "queryAllByDisplayValue": [Function],
  "queryAllByLabelText": [Function],
  "queryAllByPlaceholderText": [Function],
  "queryAllByRole": [Function],
  "queryAllByTestId": [Function],
  "queryAllByText": [Function],
  "queryAllByTitle": [Function],
  "queryByAltText": [Function],
  "queryByDisplayValue": [Function],
  "queryByLabelText": [Function],
  "queryByPlaceholderText": [Function],
  "queryByRole": [Function],
  "queryByTestId": [Function],
  "queryByText": [Function],
  "queryByTitle": [Function],
  "rerender": [Function],
  "unmount": [Function],
}
`;
